2026-08-31 10:39:28.279: [INFO] CurrentProfilePath: E:\SOA_S52\SkillEX_6\.metadata\.plugins\org.eclipse.swt\EBWebView\Default
2026-08-31 10:39:28.279: [INFO] Profiles total count: 1
2026-08-31 10:39:28.280: [INFO] Profile: name=Profile 1 path=E:\SOA_S52\SkillEX_6\.metadata\.plugins\org.eclipse.swt\EBWebView\Default lastActive=null
2026-08-31 10:39:28.280: [INFO] LastUsedProfileDir: E:\SOA_S52\SkillEX_6\.metadata\.plugins\org.eclipse.swt\EBWebView\Default
2026-08-31 10:39:28.280: [INFO] OnDoneLoading sync enabled: 0
2026-08-31 10:39:28.280: [INFO] BookmarkModelLoaded, ids_reassigned: 0
2026-08-31 10:39:28.280: [INFO] BookmarksLoadDropped droppedNodes=0
2026-08-31 10:39:28.280: [INFO] BookmarksSnapshot Startup total=0 bar=0 other=0 mobile=0 showBar=0 showBarNTP=1
2026-08-31 10:39:37.004: [INFO] BookmarksSnapshot Shutdown total=0 bar=0 other=0 mobile=0 showBar=0 showBarNTP=1
2026-08-31 10:43:12.631: [INFO] CurrentProfilePath: E:\SOA_S52\SkillEX_6\.metadata\.plugins\org.eclipse.swt\EBWebView\Default
2026-08-31 10:43:12.631: [INFO] Profiles total count: 1
2026-08-31 10:43:12.631: [INFO] Profile: name=Profile 1 path=E:\SOA_S52\SkillEX_6\.metadata\.plugins\org.eclipse.swt\EBWebView\Default lastActive=null
2026-08-31 10:43:12.631: [INFO] LastUsedProfileDir: E:\SOA_S52\SkillEX_6\.metadata\.plugins\org.eclipse.swt\EBWebView\Default
2026-08-31 10:43:12.631: [INFO] OnDoneLoading sync enabled: 0
2026-08-31 10:43:12.631: [INFO] BookmarkModelLoaded, ids_reassigned: 0
2026-08-31 10:43:12.631: [INFO] BookmarksLoadDropped droppedNodes=0
2026-08-31 10:43:12.631: [INFO] BookmarksSnapshot Startup total=0 bar=0 other=0 mobile=0 showBar=0 showBarNTP=1
2026-09-01 06:02:37.407: [INFO] CurrentProfilePath: E:\SOA_S52\SkillEX_6\.metadata\.plugins\org.eclipse.swt\EBWebView\Default
2026-09-01 06:02:37.407: [INFO] Profiles total count: 1
2026-09-01 06:02:37.407: [INFO] Profile: name=Profile 1 path=E:\SOA_S52\SkillEX_6\.metadata\.plugins\org.eclipse.swt\EBWebView\Default lastActive=2026-08-31T11:34:41.515Z
2026-09-01 06:02:37.407: [INFO] LastUsedProfileDir: E:\SOA_S52\SkillEX_6\.metadata\.plugins\org.eclipse.swt\EBWebView\Default
2026-09-01 06:02:37.407: [INFO] MostRecentlyActiveProfile: name=Profile 1 path=E:\SOA_S52\SkillEX_6\.metadata\.plugins\org.eclipse.swt\EBWebView\Default lastActive=2026-08-31T11:34:41.515Z
2026-09-01 06:02:37.408: [INFO] OnDoneLoading sync enabled: 0
2026-09-01 06:02:37.408: [INFO] BookmarkModelLoaded, ids_reassigned: 0
2026-09-01 06:02:37.408: [INFO] BookmarksLoadDropped droppedNodes=0
2026-09-01 06:02:37.408: [INFO] BookmarksSnapshot Startup total=0 bar=0 other=0 mobile=0 showBar=0 showBarNTP=1
2026-09-01 06:02:41.996: [INFO] BookmarksSnapshot Shutdown total=0 bar=0 other=0 mobile=0 showBar=0 showBarNTP=1
2026-09-01 06:04:32.637: [INFO] CurrentProfilePath: E:\SOA_S52\SkillEX_6\.metadata\.plugins\org.eclipse.swt\EBWebView\Default
2026-09-01 06:04:32.637: [INFO] Profiles total count: 1
2026-09-01 06:04:32.637: [INFO] Profile: name=Profile 1 path=E:\SOA_S52\SkillEX_6\.metadata\.plugins\org.eclipse.swt\EBWebView\Default lastActive=2026-08-31T11:34:41.515Z
2026-09-01 06:04:32.637: [INFO] LastUsedProfileDir: E:\SOA_S52\SkillEX_6\.metadata\.plugins\org.eclipse.swt\EBWebView\Default
2026-09-01 06:04:32.638: [INFO] MostRecentlyActiveProfile: name=Profile 1 path=E:\SOA_S52\SkillEX_6\.metadata\.plugins\org.eclipse.swt\EBWebView\Default lastActive=2026-08-31T11:34:41.515Z
2026-09-01 06:04:32.638: [INFO] OnDoneLoading sync enabled: 0
2026-09-01 06:04:32.638: [INFO] BookmarkModelLoaded, ids_reassigned: 0
2026-09-01 06:04:32.638: [INFO] BookmarksLoadDropped droppedNodes=0
2026-09-01 06:04:32.638: [INFO] BookmarksSnapshot Startup total=0 bar=0 other=0 mobile=0 showBar=0 showBarNTP=1
2026-09-01 06:04:39.901: [INFO] BookmarksSnapshot Shutdown total=0 bar=0 other=0 mobile=0 showBar=0 showBarNTP=1
2026-09-01 06:04:59.793: [INFO] CurrentProfilePath: E:\SOA_S52\SkillEX_6\.metadata\.plugins\org.eclipse.swt\EBWebView\Default
2026-09-01 06:04:59.793: [INFO] Profiles total count: 1
2026-09-01 06:04:59.793: [INFO] Profile: name=Profile 1 path=E:\SOA_S52\SkillEX_6\.metadata\.plugins\org.eclipse.swt\EBWebView\Default lastActive=2026-08-31T11:34:41.515Z
2026-09-01 06:04:59.793: [INFO] LastUsedProfileDir: E:\SOA_S52\SkillEX_6\.metadata\.plugins\org.eclipse.swt\EBWebView\Default
2026-09-01 06:04:59.793: [INFO] MostRecentlyActiveProfile: name=Profile 1 path=E:\SOA_S52\SkillEX_6\.metadata\.plugins\org.eclipse.swt\EBWebView\Default lastActive=2026-08-31T11:34:41.515Z
2026-09-01 06:04:59.793: [INFO] OnDoneLoading sync enabled: 0
2026-09-01 06:04:59.793: [INFO] BookmarkModelLoaded, ids_reassigned: 0
2026-09-01 06:04:59.793: [INFO] BookmarksLoadDropped droppedNodes=0
2026-09-01 06:04:59.794: [INFO] BookmarksSnapshot Startup total=0 bar=0 other=0 mobile=0 showBar=0 showBarNTP=1
2026-09-01 06:05:14.747: [INFO] BookmarksSnapshot Shutdown total=0 bar=0 other=0 mobile=0 showBar=0 showBarNTP=1
2026-09-01 06:06:17.782: [INFO] CurrentProfilePath: E:\SOA_S52\SkillEX_6\.metadata\.plugins\org.eclipse.swt\EBWebView\Default
2026-09-01 06:06:17.782: [INFO] Profiles total count: 1
2026-09-01 06:06:17.783: [INFO] Profile: name=Profile 1 path=E:\SOA_S52\SkillEX_6\.metadata\.plugins\org.eclipse.swt\EBWebView\Default lastActive=2026-08-31T11:34:41.515Z
2026-09-01 06:06:17.783: [INFO] LastUsedProfileDir: E:\SOA_S52\SkillEX_6\.metadata\.plugins\org.eclipse.swt\EBWebView\Default
2026-09-01 06:06:17.783: [INFO] MostRecentlyActiveProfile: name=Profile 1 path=E:\SOA_S52\SkillEX_6\.metadata\.plugins\org.eclipse.swt\EBWebView\Default lastActive=2026-08-31T11:34:41.515Z
2026-09-01 06:06:17.783: [INFO] OnDoneLoading sync enabled: 0
2026-09-01 06:06:17.783: [INFO] BookmarkModelLoaded, ids_reassigned: 0
2026-09-01 06:06:17.783: [INFO] BookmarksLoadDropped droppedNodes=0
2026-09-01 06:06:17.783: [INFO] BookmarksSnapshot Startup total=0 bar=0 other=0 mobile=0 showBar=0 showBarNTP=1
2026-09-01 06:33:16.526: [INFO] BookmarksSnapshot Shutdown total=0 bar=0 other=0 mobile=0 showBar=0 showBarNTP=1
2026-09-01 10:33:15.581: [INFO] CurrentProfilePath: E:\SOA_S52\SkillEX_6\.metadata\.plugins\org.eclipse.swt\EBWebView\Default
2026-09-01 10:33:15.581: [INFO] Profiles total count: 1
2026-09-01 10:33:15.581: [INFO] Profile: name=Profile 1 path=E:\SOA_S52\SkillEX_6\.metadata\.plugins\org.eclipse.swt\EBWebView\Default lastActive=2026-08-31T11:34:41.515Z
2026-09-01 10:33:15.581: [INFO] LastUsedProfileDir: E:\SOA_S52\SkillEX_6\.metadata\.plugins\org.eclipse.swt\EBWebView\Default
2026-09-01 10:33:15.581: [INFO] MostRecentlyActiveProfile: name=Profile 1 path=E:\SOA_S52\SkillEX_6\.metadata\.plugins\org.eclipse.swt\EBWebView\Default lastActive=2026-08-31T11:34:41.515Z
2026-09-01 10:33:15.581: [INFO] OnDoneLoading sync enabled: 0
2026-09-01 10:33:15.582: [INFO] BookmarkModelLoaded, ids_reassigned: 0
2026-09-01 10:33:15.582: [INFO] BookmarksLoadDropped droppedNodes=0
2026-09-01 10:33:15.582: [INFO] BookmarksSnapshot Startup total=0 bar=0 other=0 mobile=0 showBar=0 showBarNTP=1
2026-09-01 10:33:37.921: [INFO] BookmarksSnapshot Shutdown total=0 bar=0 other=0 mobile=0 showBar=0 showBarNTP=1
2026-09-01 10:34:13.384: [INFO] CurrentProfilePath: E:\SOA_S52\SkillEX_6\.metadata\.plugins\org.eclipse.swt\EBWebView\Default
2026-09-01 10:34:13.384: [INFO] Profiles total count: 1
2026-09-01 10:34:13.385: [INFO] Profile: name=Profile 1 path=E:\SOA_S52\SkillEX_6\.metadata\.plugins\org.eclipse.swt\EBWebView\Default lastActive=2026-08-31T11:34:41.515Z
2026-09-01 10:34:13.385: [INFO] LastUsedProfileDir: E:\SOA_S52\SkillEX_6\.metadata\.plugins\org.eclipse.swt\EBWebView\Default
2026-09-01 10:34:13.385: [INFO] MostRecentlyActiveProfile: name=Profile 1 path=E:\SOA_S52\SkillEX_6\.metadata\.plugins\org.eclipse.swt\EBWebView\Default lastActive=2026-08-31T11:34:41.515Z
2026-09-01 10:34:13.385: [INFO] OnDoneLoading sync enabled: 0
2026-09-01 10:34:13.385: [INFO] BookmarkModelLoaded, ids_reassigned: 0
2026-09-01 10:34:13.385: [INFO] BookmarksLoadDropped droppedNodes=0
2026-09-01 10:34:13.385: [INFO] BookmarksSnapshot Startup total=0 bar=0 other=0 mobile=0 showBar=0 showBarNTP=1
2026-09-01 10:34:21.859: [INFO] BookmarksSnapshot Shutdown total=0 bar=0 other=0 mobile=0 showBar=0 showBarNTP=1
2026-09-01 10:35:19.781: [INFO] CurrentProfilePath: E:\SOA_S52\SkillEX_6\.metadata\.plugins\org.eclipse.swt\EBWebView\Default
2026-09-01 10:35:19.781: [INFO] Profiles total count: 1
2026-09-01 10:35:19.781: [INFO] Profile: name=Profile 1 path=E:\SOA_S52\SkillEX_6\.metadata\.plugins\org.eclipse.swt\EBWebView\Default lastActive=2026-08-31T11:34:41.515Z
2026-09-01 10:35:19.781: [INFO] LastUsedProfileDir: E:\SOA_S52\SkillEX_6\.metadata\.plugins\org.eclipse.swt\EBWebView\Default
2026-09-01 10:35:19.781: [INFO] MostRecentlyActiveProfile: name=Profile 1 path=E:\SOA_S52\SkillEX_6\.metadata\.plugins\org.eclipse.swt\EBWebView\Default lastActive=2026-08-31T11:34:41.515Z
2026-09-01 10:35:19.781: [INFO] OnDoneLoading sync enabled: 0
2026-09-01 10:35:19.781: [INFO] BookmarkModelLoaded, ids_reassigned: 0
2026-09-01 10:35:19.781: [INFO] BookmarksLoadDropped droppedNodes=0
2026-09-01 10:35:19.781: [INFO] BookmarksSnapshot Startup total=0 bar=0 other=0 mobile=0 showBar=0 showBarNTP=1
2026-09-01 10:37:14.919: [INFO] BookmarksSnapshot Shutdown total=0 bar=0 other=0 mobile=0 showBar=0 showBarNTP=1
2026-09-01 10:38:19.528: [INFO] CurrentProfilePath: E:\SOA_S52\SkillEX_6\.metadata\.plugins\org.eclipse.swt\EBWebView\Default
2026-09-01 10:38:19.528: [INFO] Profiles total count: 1
2026-09-01 10:38:19.529: [INFO] Profile: name=Profile 1 path=E:\SOA_S52\SkillEX_6\.metadata\.plugins\org.eclipse.swt\EBWebView\Default lastActive=2026-08-31T11:34:41.515Z
2026-09-01 10:38:19.529: [INFO] LastUsedProfileDir: E:\SOA_S52\SkillEX_6\.metadata\.plugins\org.eclipse.swt\EBWebView\Default
2026-09-01 10:38:19.529: [INFO] MostRecentlyActiveProfile: name=Profile 1 path=E:\SOA_S52\SkillEX_6\.metadata\.plugins\org.eclipse.swt\EBWebView\Default lastActive=2026-08-31T11:34:41.515Z
2026-09-01 10:38:19.529: [INFO] OnDoneLoading sync enabled: 0
2026-09-01 10:38:19.529: [INFO] BookmarkModelLoaded, ids_reassigned: 0
2026-09-01 10:38:19.529: [INFO] BookmarksLoadDropped droppedNodes=0
2026-09-01 10:38:19.529: [INFO] BookmarksSnapshot Startup total=0 bar=0 other=0 mobile=0 showBar=0 showBarNTP=1
2026-09-01 10:38:43.831: [INFO] BookmarksSnapshot Shutdown total=0 bar=0 other=0 mobile=0 showBar=0 showBarNTP=1
2026-09-01 10:40:45.831: [INFO] CurrentProfilePath: E:\SOA_S52\SkillEX_6\.metadata\.plugins\org.eclipse.swt\EBWebView\Default
2026-09-01 10:40:45.831: [INFO] Profiles total count: 1
2026-09-01 10:40:45.831: [INFO] Profile: name=Profile 1 path=E:\SOA_S52\SkillEX_6\.metadata\.plugins\org.eclipse.swt\EBWebView\Default lastActive=2026-08-31T11:34:41.515Z
2026-09-01 10:40:45.831: [INFO] LastUsedProfileDir: E:\SOA_S52\SkillEX_6\.metadata\.plugins\org.eclipse.swt\EBWebView\Default
2026-09-01 10:40:45.832: [INFO] MostRecentlyActiveProfile: name=Profile 1 path=E:\SOA_S52\SkillEX_6\.metadata\.plugins\org.eclipse.swt\EBWebView\Default lastActive=2026-08-31T11:34:41.515Z
2026-09-01 10:40:45.832: [INFO] OnDoneLoading sync enabled: 0
2026-09-01 10:40:45.832: [INFO] BookmarkModelLoaded, ids_reassigned: 0
2026-09-01 10:40:45.832: [INFO] BookmarksLoadDropped droppedNodes=0
2026-09-01 10:40:45.832: [INFO] BookmarksSnapshot Startup total=0 bar=0 other=0 mobile=0 showBar=0 showBarNTP=1
2026-09-01 10:42:25.393: [INFO] BookmarksSnapshot Shutdown total=0 bar=0 other=0 mobile=0 showBar=0 showBarNTP=1
2026-09-01 10:43:01.462: [INFO] CurrentProfilePath: E:\SOA_S52\SkillEX_6\.metadata\.plugins\org.eclipse.swt\EBWebView\Default
2026-09-01 10:43:01.462: [INFO] Profiles total count: 1
2026-09-01 10:43:01.463: [INFO] Profile: name=Profile 1 path=E:\SOA_S52\SkillEX_6\.metadata\.plugins\org.eclipse.swt\EBWebView\Default lastActive=2026-08-31T11:34:41.515Z
2026-09-01 10:43:01.463: [INFO] LastUsedProfileDir: E:\SOA_S52\SkillEX_6\.metadata\.plugins\org.eclipse.swt\EBWebView\Default
2026-09-01 10:43:01.463: [INFO] MostRecentlyActiveProfile: name=Profile 1 path=E:\SOA_S52\SkillEX_6\.metadata\.plugins\org.eclipse.swt\EBWebView\Default lastActive=2026-08-31T11:34:41.515Z
2026-09-01 10:43:01.463: [INFO] OnDoneLoading sync enabled: 0
2026-09-01 10:43:01.463: [INFO] BookmarkModelLoaded, ids_reassigned: 0
2026-09-01 10:43:01.463: [INFO] BookmarksLoadDropped droppedNodes=0
2026-09-01 10:43:01.463: [INFO] BookmarksSnapshot Startup total=0 bar=0 other=0 mobile=0 showBar=0 showBarNTP=1
2026-09-01 10:43:09.228: [INFO] BookmarksSnapshot Shutdown total=0 bar=0 other=0 mobile=0 showBar=0 showBarNTP=1
2026-09-01 10:44:12.048: [INFO] CurrentProfilePath: E:\SOA_S52\SkillEX_6\.metadata\.plugins\org.eclipse.swt\EBWebView\Default
2026-09-01 10:44:12.049: [INFO] Profiles total count: 1
2026-09-01 10:44:12.049: [INFO] Profile: name=Profile 1 path=E:\SOA_S52\SkillEX_6\.metadata\.plugins\org.eclipse.swt\EBWebView\Default lastActive=2026-08-31T11:34:41.515Z
2026-09-01 10:44:12.049: [INFO] LastUsedProfileDir: E:\SOA_S52\SkillEX_6\.metadata\.plugins\org.eclipse.swt\EBWebView\Default
2026-09-01 10:44:12.049: [INFO] MostRecentlyActiveProfile: name=Profile 1 path=E:\SOA_S52\SkillEX_6\.metadata\.plugins\org.eclipse.swt\EBWebView\Default lastActive=2026-08-31T11:34:41.515Z
2026-09-01 10:44:12.049: [INFO] OnDoneLoading sync enabled: 0
2026-09-01 10:44:12.049: [INFO] BookmarkModelLoaded, ids_reassigned: 0
2026-09-01 10:44:12.049: [INFO] BookmarksLoadDropped droppedNodes=0
2026-09-01 10:44:12.049: [INFO] BookmarksSnapshot Startup total=0 bar=0 other=0 mobile=0 showBar=0 showBarNTP=1
2026-09-01 10:44:15.561: [INFO] BookmarksSnapshot Shutdown total=0 bar=0 other=0 mobile=0 showBar=0 showBarNTP=1
2026-09-01 10:48:06.158: [INFO] CurrentProfilePath: E:\SOA_S52\SkillEX_6\.metadata\.plugins\org.eclipse.swt\EBWebView\Default
2026-09-01 10:48:06.158: [INFO] Profiles total count: 1
2026-09-01 10:48:06.158: [INFO] Profile: name=Profile 1 path=E:\SOA_S52\SkillEX_6\.metadata\.plugins\org.eclipse.swt\EBWebView\Default lastActive=2026-08-31T11:34:41.515Z
2026-09-01 10:48:06.158: [INFO] LastUsedProfileDir: E:\SOA_S52\SkillEX_6\.metadata\.plugins\org.eclipse.swt\EBWebView\Default
2026-09-01 10:48:06.158: [INFO] MostRecentlyActiveProfile: name=Profile 1 path=E:\SOA_S52\SkillEX_6\.metadata\.plugins\org.eclipse.swt\EBWebView\Default lastActive=2026-08-31T11:34:41.515Z
2026-09-01 10:48:06.158: [INFO] OnDoneLoading sync enabled: 0
2026-09-01 10:48:06.158: [INFO] BookmarkModelLoaded, ids_reassigned: 0
2026-09-01 10:48:06.158: [INFO] BookmarksLoadDropped droppedNodes=0
2026-09-01 10:48:06.158: [INFO] BookmarksSnapshot Startup total=0 bar=0 other=0 mobile=0 showBar=0 showBarNTP=1
2026-09-01 11:33:03.950: [INFO] BookmarksSnapshot Shutdown total=0 bar=0 other=0 mobile=0 showBar=0 showBarNTP=1
2026-09-05 02:11:44.321: [INFO] CurrentProfilePath: C:\Users\Piyush\Desktop\PIYUSH DETAILS\SOA S-52\soa\SkillEx6\.metadata\.plugins\org.eclipse.swt\EBWebView\Default
2026-09-05 02:11:44.321: [INFO] Profiles total count: 1
2026-09-05 02:11:44.321: [INFO] Profile: name=Profile 1 path=C:\Users\Piyush\Desktop\PIYUSH DETAILS\SOA S-52\soa\SkillEx6\.metadata\.plugins\org.eclipse.swt\EBWebView\Default lastActive=2026-08-31T11:34:41.515Z
2026-09-05 02:11:44.321: [INFO] LastUsedProfileDir: C:\Users\Piyush\Desktop\PIYUSH DETAILS\SOA S-52\soa\SkillEx6\.metadata\.plugins\org.eclipse.swt\EBWebView\Default
2026-09-05 02:11:44.321: [INFO] MostRecentlyActiveProfile: name=Profile 1 path=C:\Users\Piyush\Desktop\PIYUSH DETAILS\SOA S-52\soa\SkillEx6\.metadata\.plugins\org.eclipse.swt\EBWebView\Default lastActive=2026-08-31T11:34:41.515Z
2026-09-05 02:11:44.321: [INFO] OnDoneLoading sync enabled: 0
2026-09-05 02:11:44.321: [INFO] BookmarkModelLoaded, ids_reassigned: 0
2026-09-05 02:11:44.321: [INFO] BookmarksLoadDropped droppedNodes=0
2026-09-05 02:11:44.321: [INFO] BookmarksSnapshot Startup total=0 bar=0 other=0 mobile=0 showBar=0 showBarNTP=1
2026-09-05 02:12:17.810: [INFO] BookmarksSnapshot Shutdown total=0 bar=0 other=0 mobile=0 showBar=0 showBarNTP=1
2026-09-05 02:15:20.749: [INFO] CurrentProfilePath: C:\Users\Piyush\Desktop\PIYUSH DETAILS\SOA S-52\soa\SkillEx6\.metadata\.plugins\org.eclipse.swt\EBWebView\Default
2026-09-05 02:15:20.749: [INFO] Profiles total count: 1
2026-09-05 02:15:20.749: [INFO] Profile: name=Profile 1 path=C:\Users\Piyush\Desktop\PIYUSH DETAILS\SOA S-52\soa\SkillEx6\.metadata\.plugins\org.eclipse.swt\EBWebView\Default lastActive=2026-08-31T11:34:41.515Z
2026-09-05 02:15:20.749: [INFO] LastUsedProfileDir: C:\Users\Piyush\Desktop\PIYUSH DETAILS\SOA S-52\soa\SkillEx6\.metadata\.plugins\org.eclipse.swt\EBWebView\Default
2026-09-05 02:15:20.749: [INFO] MostRecentlyActiveProfile: name=Profile 1 path=C:\Users\Piyush\Desktop\PIYUSH DETAILS\SOA S-52\soa\SkillEx6\.metadata\.plugins\org.eclipse.swt\EBWebView\Default lastActive=2026-08-31T11:34:41.515Z
2026-09-05 02:15:20.749: [INFO] OnDoneLoading sync enabled: 0
2026-09-05 02:15:20.749: [INFO] BookmarkModelLoaded, ids_reassigned: 0
2026-09-05 02:15:20.749: [INFO] BookmarksLoadDropped droppedNodes=0
2026-09-05 02:15:20.749: [INFO] BookmarksSnapshot Startup total=0 bar=0 other=0 mobile=0 showBar=0 showBarNTP=1
2026-09-05 02:45:50.591: [INFO] BookmarksSnapshot Shutdown total=0 bar=0 other=0 mobile=0 showBar=0 showBarNTP=1
2026-09-05 07:55:30.513: [INFO] CurrentProfilePath: C:\Users\Piyush\Desktop\PIYUSH DETAILS\SOA S-52\soa\SkillEx6\.metadata\.plugins\org.eclipse.swt\EBWebView\Default
2026-09-05 07:55:30.513: [INFO] Profiles total count: 1
2026-09-05 07:55:30.514: [INFO] Profile: name=Profile 1 path=C:\Users\Piyush\Desktop\PIYUSH DETAILS\SOA S-52\soa\SkillEx6\.metadata\.plugins\org.eclipse.swt\EBWebView\Default lastActive=2026-08-31T11:34:41.515Z
2026-09-05 07:55:30.514: [INFO] LastUsedProfileDir: C:\Users\Piyush\Desktop\PIYUSH DETAILS\SOA S-52\soa\SkillEx6\.metadata\.plugins\org.eclipse.swt\EBWebView\Default
2026-09-05 07:55:30.514: [INFO] MostRecentlyActiveProfile: name=Profile 1 path=C:\Users\Piyush\Desktop\PIYUSH DETAILS\SOA S-52\soa\SkillEx6\.metadata\.plugins\org.eclipse.swt\EBWebView\Default lastActive=2026-08-31T11:34:41.515Z
2026-09-05 07:55:30.514: [INFO] OnDoneLoading sync enabled: 0
2026-09-05 07:55:30.514: [INFO] BookmarkModelLoaded, ids_reassigned: 0
2026-09-05 07:55:30.514: [INFO] BookmarksLoadDropped droppedNodes=0
2026-09-05 07:55:30.514: [INFO] BookmarksSnapshot Startup total=0 bar=0 other=0 mobile=0 showBar=0 showBarNTP=1
2026-09-05 08:17:15.821: [INFO] BookmarksSnapshot Shutdown total=0 bar=0 other=0 mobile=0 showBar=0 showBarNTP=1
2026-10-03 02:55:02.811: [INFO] CurrentProfilePath: C:\KL University\3 - 1\SOA\Project\SkillEx6\.metadata\.plugins\org.eclipse.swt\EBWebView\Default
2026-10-03 02:55:02.811: [INFO] Profiles total count: 1
2026-10-03 02:55:02.811: [INFO] Profile: name=Profile 1 path=C:\KL University\3 - 1\SOA\Project\SkillEx6\.metadata\.plugins\org.eclipse.swt\EBWebView\Default lastActive=2026-08-31T11:34:41.515Z
2026-10-03 02:55:02.811: [INFO] LastUsedProfileDir: C:\KL University\3 - 1\SOA\Project\SkillEx6\.metadata\.plugins\org.eclipse.swt\EBWebView\Default
2026-10-03 02:55:02.811: [INFO] MostRecentlyActiveProfile: name=Profile 1 path=C:\KL University\3 - 1\SOA\Project\SkillEx6\.metadata\.plugins\org.eclipse.swt\EBWebView\Default lastActive=2026-08-31T11:34:41.515Z
2026-10-03 02:55:02.811: [INFO] OnDoneLoading sync enabled: 0
2026-10-03 02:55:02.811: [INFO] BookmarkModelLoaded, ids_reassigned: 0
2026-10-03 02:55:02.811: [INFO] BookmarksLoadDropped droppedNodes=0
2026-10-03 02:55:02.811: [INFO] BookmarksSnapshot Startup total=0 bar=0 other=0 mobile=0 showBar=0 showBarNTP=1
2026-10-03 03:17:03.185: [INFO] BookmarksSnapshot Shutdown total=0 bar=0 other=0 mobile=0 showBar=0 showBarNTP=1
