2026-08-22 11:17:44.007: [INFO] CurrentProfilePath: C:\KL University\3 - 1\SOA\Project\EXP 1\.metadata\.plugins\org.eclipse.swt\EBWebView\Default
2026-08-22 11:17:44.007: [INFO] Profiles total count: 1
2026-08-22 11:17:44.007: [INFO] Profile: name=Profile 1 path=C:\KL University\3 - 1\SOA\Project\EXP 1\.metadata\.plugins\org.eclipse.swt\EBWebView\Default lastActive=null
2026-08-22 11:17:44.007: [INFO] LastUsedProfileDir: C:\KL University\3 - 1\SOA\Project\EXP 1\.metadata\.plugins\org.eclipse.swt\EBWebView\Default
2026-08-22 11:17:44.007: [INFO] OnDoneLoading sync enabled: 0
2026-08-22 11:17:44.007: [INFO] BookmarkModelLoaded, ids_reassigned: 0
2026-08-22 11:17:44.007: [INFO] BookmarksLoadDropped droppedNodes=0
2026-08-22 11:17:44.007: [INFO] BookmarksSnapshot Startup total=0 bar=0 other=0 mobile=0 showBar=0 showBarNTP=1
2026-08-22 11:55:22.792: [INFO] BookmarksSnapshot Shutdown total=0 bar=0 other=0 mobile=0 showBar=0 showBarNTP=1
2026-08-24 09:44:34.134: [INFO] CurrentProfilePath: C:\KL University\3 - 1\SOA\Project\EXP 1\.metadata\.plugins\org.eclipse.swt\EBWebView\Default
2026-08-24 09:44:34.134: [INFO] Profiles total count: 1
2026-08-24 09:44:34.134: [INFO] Profile: name=Profile 1 path=C:\KL University\3 - 1\SOA\Project\EXP 1\.metadata\.plugins\org.eclipse.swt\EBWebView\Default lastActive=null
2026-08-24 09:44:34.134: [INFO] LastUsedProfileDir: C:\KL University\3 - 1\SOA\Project\EXP 1\.metadata\.plugins\org.eclipse.swt\EBWebView\Default
2026-08-24 09:44:34.134: [INFO] OnDoneLoading sync enabled: 0
2026-08-24 09:44:34.134: [INFO] BookmarkModelLoaded, ids_reassigned: 0
2026-08-24 09:44:34.134: [INFO] BookmarksLoadDropped droppedNodes=0
2026-08-24 09:44:34.134: [INFO] BookmarksSnapshot Startup total=0 bar=0 other=0 mobile=0 showBar=0 showBarNTP=1
2026-08-24 09:44:36.720: [INFO] BookmarksSnapshot Shutdown total=0 bar=0 other=0 mobile=0 showBar=0 showBarNTP=1
2026-08-24 09:44:36.771: [INFO] CurrentProfilePath: C:\KL University\3 - 1\SOA\Project\EXP 1\.metadata\.plugins\org.eclipse.swt\EBWebView\Default
2026-08-24 09:44:36.771: [INFO] Profiles total count: 1
2026-08-24 09:44:36.771: [INFO] Profile: name=Profile 1 path=C:\KL University\3 - 1\SOA\Project\EXP 1\.metadata\.plugins\org.eclipse.swt\EBWebView\Default lastActive=null
2026-08-24 09:44:36.771: [INFO] LastUsedProfileDir: C:\KL University\3 - 1\SOA\Project\EXP 1\.metadata\.plugins\org.eclipse.swt\EBWebView\Default
2026-08-24 09:44:36.771: [INFO] OnDoneLoading sync enabled: 0
2026-08-24 09:44:36.771: [INFO] BookmarkModelLoaded, ids_reassigned: 0
2026-08-24 09:44:36.771: [INFO] BookmarksLoadDropped droppedNodes=0
2026-08-24 09:44:36.771: [INFO] BookmarksSnapshot Startup total=0 bar=0 other=0 mobile=0 showBar=0 showBarNTP=1
2026-08-24 09:48:28.463: [INFO] BookmarksSnapshot Shutdown total=0 bar=0 other=0 mobile=0 showBar=0 showBarNTP=1
2026-08-25 03:07:03.751: [INFO] CurrentProfilePath: C:\KL University\3 - 1\SOA\Project\EXP 1\.metadata\.plugins\org.eclipse.swt\EBWebView\Default
2026-08-25 03:07:03.751: [INFO] Profiles total count: 1
2026-08-25 03:07:03.751: [INFO] Profile: name=Profile 1 path=C:\KL University\3 - 1\SOA\Project\EXP 1\.metadata\.plugins\org.eclipse.swt\EBWebView\Default lastActive=null
2026-08-25 03:07:03.751: [INFO] LastUsedProfileDir: C:\KL University\3 - 1\SOA\Project\EXP 1\.metadata\.plugins\org.eclipse.swt\EBWebView\Default
2026-08-25 03:07:03.751: [INFO] OnDoneLoading sync enabled: 0
2026-08-25 03:07:03.751: [INFO] BookmarkModelLoaded, ids_reassigned: 0
2026-08-25 03:07:03.751: [INFO] BookmarksLoadDropped droppedNodes=0
2026-08-25 03:07:03.751: [INFO] BookmarksSnapshot Startup total=0 bar=0 other=0 mobile=0 showBar=0 showBarNTP=1
2026-08-25 03:18:48.910: [INFO] BookmarksSnapshot Shutdown total=0 bar=0 other=0 mobile=0 showBar=0 showBarNTP=1
2026-08-25 05:51:27.954: [INFO] CurrentProfilePath: C:\KL University\3 - 1\SOA\Project\EXP 1\.metadata\.plugins\org.eclipse.swt\EBWebView\Default
2026-08-25 05:51:27.954: [INFO] Profiles total count: 1
2026-08-25 05:51:27.954: [INFO] Profile: name=Profile 1 path=C:\KL University\3 - 1\SOA\Project\EXP 1\.metadata\.plugins\org.eclipse.swt\EBWebView\Default lastActive=null
2026-08-25 05:51:27.954: [INFO] LastUsedProfileDir: C:\KL University\3 - 1\SOA\Project\EXP 1\.metadata\.plugins\org.eclipse.swt\EBWebView\Default
2026-08-25 05:51:27.954: [INFO] OnDoneLoading sync enabled: 0
2026-08-25 05:51:27.954: [INFO] BookmarkModelLoaded, ids_reassigned: 0
2026-08-25 05:51:27.954: [INFO] BookmarksLoadDropped droppedNodes=0
2026-08-25 05:51:27.954: [INFO] BookmarksSnapshot Startup total=0 bar=0 other=0 mobile=0 showBar=0 showBarNTP=1
2026-08-25 06:24:51.661: [INFO] BookmarksSnapshot Shutdown total=0 bar=0 other=0 mobile=0 showBar=0 showBarNTP=1
